Downloading https://services.gradle.org/distributions/gradle-9.3.1-bin.zip
.............10%.............20%.............30%.............40%.............50%.............60%.............70%.............80%.............90%.............100%

Welcome to Gradle 9.3.1!

Here are the highlights of this release:
 - Test reporting improvements
 - Error and warning improvements
 - Build authoring improvements

For more details see https://docs.gradle.org/9.3.1/release-notes.html

Starting a Gradle Daemon (subsequent builds will be faster)

> Configure project :app
WARNING: The option setting 'android.usesSdkInManifest.disallowed=false' is deprecated.
The current default is 'true'.
It will be removed in version 10.0 of the Android Gradle plugin.
WARNING: The option setting 'android.sdk.defaultTargetSdkToCompileSdkIfUnset=false' is deprecated.
The current default is 'true'.
It will be removed in version 10.0 of the Android Gradle plugin.
WARNING: The option setting 'android.enableAppCompileTimeRClass=false' is deprecated.
The current default is 'true'.
It will be removed in version 10.0 of the Android Gradle plugin.
WARNING: The option setting 'android.builtInKotlin=false' is deprecated.
The current default is 'true'.
It will be removed in version 10.0 of the Android Gradle plugin.
WARNING: The option setting 'android.newDsl=false' is deprecated.
The current default is 'true'.
It will be removed in version 10.0 of the Android Gradle plugin.
WARNING: The option setting 'android.r8.optimizedResourceShrinking=false' is deprecated.
The current default is 'true'.
It will be removed in version 10.0 of the Android Gradle plugin.
WARNING: The option setting 'android.defaults.buildfeatures.resvalues=true' is deprecated.
The current default is 'false'.
It will be removed in version 10.0 of the Android Gradle plugin.
WARNING: The option setting 'android.nonFinalResIds=false' is deprecated.
The current default is 'true'.
It will be removed in version 10.0 of the Android Gradle plugin.
⚠️ No keystore found - signing may fail
WARNING: The property android.dependency.excludeLibraryComponentsFromConstraints improves project import performance for very large projects. It should be enabled to improve performance.
To suppress this warning, add android.generateSyncIssueWhenLibraryConstraintsAreEnabled=false to gradle.properties
WARNING: The property android.dependency.excludeLibraryComponentsFromConstraints improves project import performance for very large projects. It should be enabled to improve performance.
To suppress this warning, add android.generateSyncIssueWhenLibraryConstraintsAreEnabled=false to gradle.properties
WARNING: The property android.dependency.excludeLibraryComponentsFromConstraints improves project import performance for very large projects. It should be enabled to improve performance.
To suppress this warning, add android.generateSyncIssueWhenLibraryConstraintsAreEnabled=false to gradle.properties
WARNING: The property android.dependency.excludeLibraryComponentsFromConstraints improves project import performance for very large projects. It should be enabled to improve performance.
To suppress this warning, add android.generateSyncIssueWhenLibraryConstraintsAreEnabled=false to gradle.properties
WARNING: The property android.dependency.excludeLibraryComponentsFromConstraints improves project import performance for very large projects. It should be enabled to improve performance.
To suppress this warning, add android.generateSyncIssueWhenLibraryConstraintsAreEnabled=false to gradle.properties
WARNING: The specified Android SDK Build Tools version (35.0.0) is ignored, as it is below the minimum supported version (36.0.0) for Android Gradle Plugin 9.1.1.
Android SDK Build Tools 36.0.0 will be used.
To suppress this warning, remove "buildToolsVersion '35.0.0'" from your build.gradle file, as each version of the Android Gradle Plugin now has a default version of the build tools.
WARNING: The specified Android SDK Build Tools version (35.0.0) is ignored, as it is below the minimum supported version (36.0.0) for Android Gradle Plugin 9.1.1.
Android SDK Build Tools 36.0.0 will be used.
To suppress this warning, remove "buildToolsVersion '35.0.0'" from your build.gradle file, as each version of the Android Gradle Plugin now has a default version of the build tools.
Checking the license for package Android SDK Build-Tools 36 in /opt/android-sdk/licenses
License for package Android SDK Build-Tools 36 accepted.
Preparing "Install Android SDK Build-Tools 36 v.36.0.0".
"Install Android SDK Build-Tools 36 v.36.0.0" ready.
Installing Android SDK Build-Tools 36 in /opt/android-sdk/build-tools/36.0.0
"Install Android SDK Build-Tools 36 v.36.0.0" complete.
"Install Android SDK Build-Tools 36 v.36.0.0" finished.
[=========                              ] 25%
> Task :app:checkKotlinGradlePluginConfigurationErrors SKIPPED
> Task :app:preBuild UP-TO-DATE
> Task :app:preDebugBuild UP-TO-DATE
> Task :app:dataBindingMergeDependencyArtifactsDebug
> Task :app:generateDebugResValues
> Task :app:generateDebugResources
> Task :app:packageDebugResources
> Task :app:processDebugNavigationResources
> Task :app:mergeDebugResources
> Task :app:generateDebugBuildConfig
> Task :app:parseDebugLocalResources
> Task :app:checkDebugAarMetadata
> Task :app:dataBindingGenBaseClassesDebug
> Task :app:mapDebugSourceSetPaths
> Task :app:compileDebugNavigationResources
> Task :app:createDebugCompatibleScreenManifests
> Task :app:extractDeepLinksDebug

> Task :app:processDebugMainManifest
/app/app/src/main/AndroidManifest.xml:450:4-453:27 Warning:
	meta-data#androidx.work.WorkManagerInitializer was tagged at AndroidManifest.xml:450 to remove other declarations but no other declaration present

> Task :app:processDebugManifest
> Task :app:processDebugManifestForPackage
> Task :app:processDebugResources
> Task :app:kspDebugKotlin
w: [ksp] /app/app/src/main/kotlin/io/github/landwarderer/neyon/suggestions/data/SuggestionDao.kt:63: The return value includes a data class with a @Relation. It is usually desired to annotate this function with @Transaction to avoid possibility of inconsistent results between the data class and its relations. See https://developer.android.com/reference/androidx/room/Transaction.html for details.

> Task :app:copyRoomSchemas
> Task :app:compileDebugKotlin
w: file:///app/app/src/debug/kotlin/io/github/landwarderer/neyon/StrictModeNotifier.kt:17:8 'class ShareHelper : Any' is deprecated.
w: file:///app/app/src/debug/kotlin/io/github/landwarderer/neyon/StrictModeNotifier.kt:59:5 'constructor(context: Context): ShareHelper' is deprecated.
w: file:///app/app/src/main/kotlin/eu/kanade/tachiyomi/network/OkHttpExtensions.kt:73:30 'fun resume(value: Response, onCancellation: ((@ParameterName(...) Throwable) -> Unit)?): Unit' is deprecated. Use the overload that also accepts the `value` and the coroutine context in lambda.
w: file:///app/app/src/main/kotlin/eu/kanade/tachiyomi/source/online/HttpSource.kt:207:16 'fun fetchImageUrl(page: Page): Observable<String>' is deprecated. Use the non-RxJava API instead.
w: file:///app/app/src/main/kotlin/io/github/landwarderer/neyon/alternatives/ui/AlternativesActivity.kt:101:27 'val WindowInsetsCompat.systemBarsInsets: Insets' is deprecated.
w: file:///app/app/src/main/kotlin/io/github/landwarderer/neyon/alternatives/ui/AlternativesActivity.kt:112:17 'fun WindowInsetsCompat.consumeAllSystemBarsInsets(): WindowInsetsCompat' is deprecated.
w: file:///app/app/src/main/kotlin/io/github/landwarderer/neyon/bookmarks/ui/AllBookmarksFragment.kt:115:27 'val WindowInsetsCompat.systemBarsInsets: Insets' is deprecated.
w: file:///app/app/src/main/kotlin/io/github/landwarderer/neyon/bookmarks/ui/AllBookmarksFragment.kt:123:17 'fun WindowInsetsCompat.consumeAllSystemBarsInsets(): WindowInsetsCompat' is deprecated.
w: file:///app/app/src/main/kotlin/io/github/landwarderer/neyon/browser/BrowserClient.kt:52:9 'fun shouldInterceptRequest(p0: WebView!, p1: String!): WebResourceResponse?' is deprecated. Deprecated in Java.
w: file:///app/app/src/main/kotlin/io/github/landwarderer/neyon/core/cache/MemoryContentCache.kt:72:15 This declaration overrides a deprecated member but is not marked as deprecated itself. Add the '@Deprecated' annotation or suppress the diagnostic.
w: file:///app/app/src/main/kotlin/io/github/landwarderer/neyon/core/cache/MemoryContentCache.kt:82:24 'static field TRIM_MEMORY_RUNNING_CRITICAL: Int' is deprecated. Deprecated in Java.
w: file:///app/app/src/main/kotlin/io/github/landwarderer/neyon/core/cache/MemoryContentCache.kt:83:24 'static field TRIM_MEMORY_COMPLETE: Int' is deprecated. Deprecated in Java.
w: file:///app/app/src/main/kotlin/io/github/landwarderer/neyon/core/cache/MemoryContentCache.kt:84:24 'static field TRIM_MEMORY_MODERATE: Int' is deprecated. Deprecated in Java.
w: file:///app/app/src/main/kotlin/io/github/landwarderer/neyon/core/cache/MemoryContentCache.kt:87:24 'static field TRIM_MEMORY_RUNNING_LOW: Int' is deprecated. Deprecated in Java.
w: file:///app/app/src/main/kotlin/io/github/landwarderer/neyon/core/db/DatabasePrePopulateCallback.kt:14:4 Type argument for reified type parameter 'T' was inferred to the intersection of ['Comparable<*>' & 'Serializable']. Reification of an intersection type results in the common supertype being used. This may lead to subtle issues and an explicit type argument is encouraged. This will become an error in a future release.
w: file:///app/app/src/main/kotlin/io/github/landwarderer/neyon/core/db/MangaDatabase.kt:170:63 This is a delicate API and its use requires care. Make sure you fully read and understand documentation of the declaration that is marked as a delicate API.
w: file:///app/app/src/main/kotlin/io/github/landwarderer/neyon/core/db/entity/EntityMapping.kt:77:11 'val isNsfw: Boolean' is deprecated. Use contentRating instead.
w: file:///app/app/src/main/kotlin/io/github/landwarderer/neyon/core/db/migrations/Migration16To17.kt:32:5 Type argument for reified type parameter 'T' was inferred to the intersection of ['Comparable<*>' & 'Serializable']. Reification of an intersection type results in the common supertype being used. This may lead to subtle issues and an explicit type argument is encouraged. This will become an error in a future release.
w: file:///app/app/src/main/kotlin/io/github/landwarderer/neyon/core/image/BitmapDecoderCompat.kt:46:29 'fun InputStream.toByteBuffer(): ByteBuffer' is deprecated.
w: file:///app/app/src/main/kotlin/io/github/landwarderer/neyon/core/image/BitmapDecoderCompat.kt:53:27 'fun InputStream.toByteBuffer(): ByteBuffer' is deprecated.
w: file:///app/app/src/main/kotlin/io/github/landwarderer/neyon/core/model/GenericSortOrder.kt:28:29 'enum class GenericSortOrder : Enum<GenericSortOrder>' is deprecated.
w: file:///app/app/src/main/kotlin/io/github/landwarderer/neyon/core/network/webview/RequestInterceptorWebViewClient.kt:60:33 The corresponding parameter in the supertype 'BrowserClient' is named 'webView'. This may cause problems when calling this function with named arguments.
w: file:///app/app/src/main/kotlin/io/github/landwarderer/neyon/core/network/webview/adblock/AdBlock.kt:98:14 'fun Response.requireBody(): ResponseBody' is deprecated. Useless since OkHttp 5.0.
w: file:///app/app/src/main/kotlin/io/github/landwarderer/neyon/core/parser/MangaLinkResolver.kt:76:10 'val altTitle: String?' is deprecated. Please use altTitles.
w: file:///app/app/src/main/kotlin/io/github/landwarderer/neyon/core/parser/MangaLinkResolver.kt:78:10 'val author: String?' is deprecated. Please use authors.
w: file:///app/app/src/main/kotlin/io/github/landwarderer/neyon/core/parser/MangaLinkResolver.kt:91:79 'constructor(id: Long, title: String, altTitle: String?, url: String, publicUrl: String, rating: Float, isNsfw: Boolean, coverUrl: String?, tags: Set<MangaTag>, state: MangaState?, author: String?, largeCoverUrl: String? = ..., description: String? = ..., chapters: List<MangaChapter>? = ..., source: MangaSource): Manga' is deprecated. Use other constructor.
w: file:///app/app/src/main/kotlin/io/github/landwarderer/neyon/core/parser/external/ExternalPluginContentSource.kt:172:17 'constructor(p0: String!): Locale' is deprecated. Deprecated in Java.
w: file:///app/app/src/main/kotlin/io/github/landwarderer/neyon/core/ui/BaseFullscreenActivity.kt:21:4 'var statusBarColor: Int' is deprecated. Deprecated in Java.
w: file:///app/app/src/main/kotlin/io/github/landwarderer/neyon/core/ui/BaseFullscreenActivity.kt:22:4 'var navigationBarColor: Int' is deprecated. Deprecated in Java.
w: file:///app/app/src/main/kotlin/io/github/landwarderer/neyon/core/ui/BasePreferenceFragment.kt:65:27 'val WindowInsetsCompat.systemBarsInsets: Insets' is deprecated.
w: file:///app/app/src/main/kotlin/io/github/landwarderer/neyon/core/ui/BasePreferenceFragment.kt:74:17 'fun WindowInsetsCompat.consumeAllSystemBarsInsets(): WindowInsetsCompat' is deprecated.
w: file:///app/app/src/main/kotlin/io/github/landwarderer/neyon/core/ui/FragmentContainerActivity.kt:50:17 'fun WindowInsetsCompat.consumeSystemBarsInsets(left: Boolean = ..., top: Boolean = ..., right: Boolean = ..., bottom: Boolean = ...): WindowInsetsCompat' is deprecated.
w: file:///app/app/src/main/kotlin/io/github/landwarderer/neyon/core/ui/util/ActionModeDelegate.kt:42:35 'var statusBarColor: Int' is deprecated. Deprecated in Java.
w: file:///app/app/src/main/kotlin/io/github/landwarderer/neyon/core/ui/util/ActionModeDelegate.kt:43:11 'var statusBarColor: Int' is deprecated. Deprecated in Java.
w: file:///app/app/src/main/kotlin/io/github/landwarderer/neyon/core/ui/util/ActionModeDelegate.kt:60:11 'var statusBarColor: Int' is deprecated. Deprecated in Java.
w: file:///app/app/src/main/kotlin/io/github/landwarderer/neyon/core/ui/util/ReversibleHandle.kt:17:99 This is a delicate API and its use requires care. Make sure you fully read and understand documentation of the declaration that is marked as a delicate API.
w: file:///app/app/src/main/kotlin/io/github/landwarderer/neyon/core/ui/widgets/TipView.kt:73:11 'fun TypedArray.getDrawableCompat(context: Context, index: Int): Drawable?' is deprecated.
w: file:///app/app/src/main/kotlin/io/github/landwarderer/neyon/core/ui/widgets/TwoLinesItemView.kt:92:17 'fun TypedArray.getDrawableCompat(context: Context, index: Int): Drawable?' is deprecated.
w: file:///app/app/src/main/kotlin/io/github/landwarderer/neyon/core/util/ext/Android.kt:217:2 'var databaseEnabled: Boolean' is deprecated. Deprecated in Java.
w: file:///app/app/src/main/kotlin/io/github/landwarderer/neyon/core/util/ext/Android.kt:220:2 'var allowFileAccessFromFileURLs: Boolean' is deprecated. Deprecated in Java.
w: file:///app/app/src/main/kotlin/io/github/landwarderer/neyon/core/util/ext/Android.kt:221:2 'var allowUniversalAccessFromFileURLs: Boolean' is deprecated. Deprecated in Java.
w: file:///app/app/src/main/kotlin/io/github/landwarderer/neyon/core/util/ext/Insets.kt:27:19 'val WindowInsetsCompat.systemBarsInsets: Insets' is deprecated.
w: file:///app/app/src/main/kotlin/io/github/landwarderer/neyon/details/domain/RelatedMangaUseCase.kt:68:17 'val altTitle: String?' is deprecated. Please use altTitles.
w: file:///app/app/src/main/kotlin/io/github/landwarderer/neyon/details/ui/pager/bookmarks/BookmarksFragment.kt:120:27 'val WindowInsetsCompat.systemBarsInsets: Insets' is deprecated.
w: file:///app/app/src/main/kotlin/io/github/landwarderer/neyon/details/ui/pager/bookmarks/BookmarksFragment.kt:127:17 'fun WindowInsetsCompat.consumeAllSystemBarsInsets(): WindowInsetsCompat' is deprecated.
w: file:///app/app/src/main/kotlin/io/github/landwarderer/neyon/details/ui/pager/pages/MangaPageFetcher.kt:104:24 'fun Response.requireBody(): ResponseBody' is deprecated. Useless since OkHttp 5.0.
w: file:///app/app/src/main/kotlin/io/github/landwarderer/neyon/details/ui/pager/pages/PagesSavedObserver.kt:8:8 'class ShareHelper : Any' is deprecated.
w: file:///app/app/src/main/kotlin/io/github/landwarderer/neyon/details/ui/pager/pages/PagesSavedObserver.kt:23:5 'constructor(context: Context): ShareHelper' is deprecated.
w: file:///app/app/src/main/kotlin/io/github/landwarderer/neyon/download/ui/list/DownloadsViewModel.kt:316:17 'val name: String' is deprecated. Use title instead.
w: file:///app/app/src/main/kotlin/io/github/landwarderer/neyon/download/ui/worker/DownloadWorker.kt:408:15 'fun Response.requireBody(): ResponseBody' is deprecated. Useless since OkHttp 5.0.
w: file:///app/app/src/main/kotlin/io/github/landwarderer/neyon/explore/ui/ExploreFragment.kt:103:27 'val WindowInsetsCompat.systemBarsInsets: Insets' is deprecated.
w: file:///app/app/src/main/kotlin/io/github/landwarderer/neyon/explore/ui/ExploreFragment.kt:111:17 'fun WindowInsetsCompat.consumeAllSystemBarsInsets(): WindowInsetsCompat' is deprecated.
w: file:///app/app/src/main/kotlin/io/github/landwarderer/neyon/favourites/ui/categories/FavouriteCategoriesActivity.kt:78:27 'val WindowInsetsCompat.systemBarsInsets: Insets' is deprecated.
w: file:///app/app/src/main/kotlin/io/github/landwarderer/neyon/favourites/ui/categories/FavouriteCategoriesActivity.kt:93:17 'fun WindowInsetsCompat.consumeAllSystemBarsInsets(): WindowInsetsCompat' is deprecated.
w: file:///app/app/src/main/kotlin/io/github/landwarderer/neyon/favourites/ui/categories/edit/FavouritesCategoryEditActivity.kt:62:27 'val WindowInsetsCompat.systemBarsInsets: Insets' is deprecated.
w: file:///app/app/src/main/kotlin/io/github/landwarderer/neyon/favourites/ui/categories/edit/FavouritesCategoryEditActivity.kt:69:17 'fun WindowInsetsCompat.consumeAllSystemBarsInsets(): WindowInsetsCompat' is deprecated.
w: file:///app/app/src/main/kotlin/io/github/landwarderer/neyon/filter/ui/tags/TagTitleComparator.kt:9:56 'constructor(p0: String!): Locale' is deprecated. Deprecated in Java.
w: file:///app/app/src/main/kotlin/io/github/landwarderer/neyon/history/domain/HistoryUpdateUseCase.kt:35:66 This is a delicate API and its use requires care. Make sure you fully read and understand documentation of the declaration that is marked as a delicate API.
w: file:///app/app/src/main/kotlin/io/github/landwarderer/neyon/image/ui/ImageActivity.kt:32:8 'class ShareHelper : Any' is deprecated.
w: file:///app/app/src/main/kotlin/io/github/landwarderer/neyon/image/ui/ImageActivity.kt:139:5 'constructor(context: Context): ShareHelper' is deprecated.
w: file:///app/app/src/main/kotlin/io/github/landwarderer/neyon/list/ui/MangaListFragment.kt:38:8 'class ShareHelper : Any' is deprecated.
w: file:///app/app/src/main/kotlin/io/github/landwarderer/neyon/list/ui/MangaListFragment.kt:293:5 'constructor(context: Context): ShareHelper' is deprecated.
w: file:///app/app/src/main/kotlin/io/github/landwarderer/neyon/list/ui/adapter/ListHeaderAD.kt:29:23 'fun View.clearBadge(badge: BadgeDrawable?): Unit' is deprecated.
w: file:///app/app/src/main/kotlin/io/github/landwarderer/neyon/list/ui/adapter/ListHeaderAD.kt:33:21 'fun View.bindBadge(badge: BadgeDrawable?, text: String?): BadgeDrawable?' is deprecated.
w: file:///app/app/src/main/kotlin/io/github/landwarderer/neyon/list/ui/model/ListHeader.kt:9:23 Non-public primary constructor is exposed via the generated 'copy()' method of the 'data' class.

The generated 'copy()' will change its visibility in future releases.

To suppress the warning do one of the following:
- Annotate the data class with the '@ConsistentCopyVisibility' annotation.
- Use the '-Xconsistent-data-class-copy-visibility' compiler flag.
- Annotate the data class with the '@ExposedCopyVisibility' annotation
  (Discouraged, but can be used to keep binary compatibility).

To learn more, see the documentation of the '@ConsistentCopyVisibility' and '@ExposedCopyVisibility' annotations.

This will become an error in language version 2.3.
w: file:///app/app/src/main/kotlin/io/github/landwarderer/neyon/local/data/MangaIndex.kt:42:33 'val altTitle: String?' is deprecated. Please use altTitles.
w: file:///app/app/src/main/kotlin/io/github/landwarderer/neyon/local/data/MangaIndex.kt:46:30 'val author: String?' is deprecated. Please use authors.
w: file:///app/app/src/main/kotlin/io/github/landwarderer/neyon/local/data/MangaIndex.kt:52:28 'val isNsfw: Boolean' is deprecated. Use contentRating instead.
w: file:///app/app/src/main/kotlin/io/github/landwarderer/neyon/local/ui/LocalListFragment.kt:22:8 'class ShareHelper : Any' is deprecated.
w: file:///app/app/src/main/kotlin/io/github/landwarderer/neyon/local/ui/LocalListFragment.kt:111:5 'constructor(context: Context): ShareHelper' is deprecated.
w: file:///app/app/src/main/kotlin/io/github/landwarderer/neyon/local/ui/info/LocalInfoDialog.kt:89:24 'fun segmentColor(context: Context, resId: Int): Int' is deprecated.
w: file:///app/app/src/main/kotlin/io/github/landwarderer/neyon/main/ui/protect/ProtectActivity.kt:86:27 'val WindowInsetsCompat.systemBarsInsets: Insets' is deprecated.
w: file:///app/app/src/main/kotlin/io/github/landwarderer/neyon/main/ui/protect/ProtectActivity.kt:94:17 'fun WindowInsetsCompat.consumeAllSystemBarsInsets(): WindowInsetsCompat' is deprecated.
w: file:///app/app/src/main/kotlin/io/github/landwarderer/neyon/mihon/MihonFilterMapper.kt:209:13 'when' is exhaustive so 'else' is redundant here.
w: file:///app/app/src/main/kotlin/io/github/landwarderer/neyon/mihon/parsers/ContentParser.kt:13:8 'data class ContentSearchQuery : Any' is deprecated. Too complex. Use ContentListFilter instead.
w: file:///app/app/src/main/kotlin/io/github/landwarderer/neyon/mihon/parsers/ContentParser.kt:14:8 'data class ContentSearchQueryCapabilities : Any' is deprecated. Too complex. Use ContentListFilterCapabilities instead.
w: file:///app/app/src/main/kotlin/io/github/landwarderer/neyon/mihon/parsers/ContentParser.kt:35:31 'data class ContentSearchQueryCapabilities : Any' is deprecated. Too complex. Use ContentListFilterCapabilities instead.
w: file:///app/app/src/main/kotlin/io/github/landwarderer/neyon/mihon/parsers/ContentParser.kt:54:29 'data class ContentSearchQuery : Any' is deprecated. Too complex. Use ContentListFilter instead.
w: file:///app/app/src/main/kotlin/io/github/landwarderer/neyon/mihon/parsers/core/AbstractContentParser.kt:16:8 'data class ContentSearchQuery : Any' is deprecated. Too complex. Use ContentListFilter instead.
w: file:///app/app/src/main/kotlin/io/github/landwarderer/neyon/mihon/parsers/core/AbstractContentParser.kt:17:8 'data class ContentSearchQueryCapabilities : Any' is deprecated. Too complex. Use ContentListFilterCapabilities instead.
w: file:///app/app/src/main/kotlin/io/github/landwarderer/neyon/mihon/parsers/core/AbstractContentParser.kt:39:53 'data class ContentSearchQueryCapabilities : Any' is deprecated. Too complex. Use ContentListFilterCapabilities instead.
w: file:///app/app/src/main/kotlin/io/github/landwarderer/neyon/mihon/parsers/core/AbstractContentParser.kt:45:57 'constructor(p0: String!): Locale' is deprecated. Deprecated in Java.
w: file:///app/app/src/main/kotlin/io/github/landwarderer/neyon/mihon/parsers/core/AbstractContentParser.kt:86:45 'data class ContentSearchQuery : Any' is deprecated. Too complex. Use ContentListFilter instead.
w: file:///app/app/src/main/kotlin/io/github/landwarderer/neyon/mihon/parsers/core/ContentParserWrapper.kt:14:8 'data class ContentSearchQuery : Any' is deprecated. Too complex. Use ContentListFilter instead.
w: file:///app/app/src/main/kotlin/io/github/landwarderer/neyon/mihon/parsers/core/ContentParserWrapper.kt:33:38 'data class ContentSearchQuery : Any' is deprecated. Too complex. Use ContentListFilter instead.
w: file:///app/app/src/main/kotlin/io/github/landwarderer/neyon/mihon/parsers/core/ContentParserWrapper.kt:35:4 'val searchQueryCapabilities: ContentSearchQueryCapabilities' is deprecated. Too complex. Use filterCapabilities instead.
w: file:///app/app/src/main/kotlin/io/github/landwarderer/neyon/mihon/parsers/core/ContentParserWrapper.kt:37:12 'suspend fun getList(query: ContentSearchQuery): List<Content>' is deprecated. Too complex. Use getList with filter instead.
w: file:///app/app/src/main/kotlin/io/github/landwarderer/neyon/mihon/parsers/core/FlexiblePagedContentParser.kt:8:8 'data class ContentSearchQuery : Any' is deprecated. Too complex. Use ContentListFilter instead.
w: file:///app/app/src/main/kotlin/io/github/landwarderer/neyon/mihon/parsers/core/FlexiblePagedContentParser.kt:9:8 'enum class SearchableField : Enum<SearchableField>' is deprecated. Too complex.
w: file:///app/app/src/main/kotlin/io/github/landwarderer/neyon/mihon/parsers/core/FlexiblePagedContentParser.kt:27:44 'data class ContentSearchQuery : Any' is deprecated. Too complex. Use ContentListFilter instead.
w: file:///app/app/src/main/kotlin/io/github/landwarderer/neyon/mihon/parsers/core/FlexiblePagedContentParser.kt:30:20 'enum class SearchableField : Enum<SearchableField>' is deprecated. Too complex.
w: file:///app/app/src/main/kotlin/io/github/landwarderer/neyon/mihon/parsers/core/FlexiblePagedContentParser.kt:45:49 'data class ContentSearchQuery : Any' is deprecated. Too complex. Use ContentListFilter instead.
w: file:///app/app/src/main/kotlin/io/github/landwarderer/neyon/mihon/parsers/core/FlexiblePagedContentParser.kt:54:10 'data class ContentSearchQuery : Any' is deprecated. Too complex. Use ContentListFilter instead.
w: file:///app/app/src/main/kotlin/io/github/landwarderer/neyon/mihon/parsers/model/search/ContentSearchQuery.kt:19:37 'interface QueryCriteria<T> : Any' is deprecated. Too complex.
w: file:///app/app/src/main/kotlin/io/github/landwarderer/neyon/mihon/parsers/model/search/ContentSearchQuery.kt:29:35 'interface QueryCriteria<T> : Any' is deprecated. Too complex.
w: file:///app/app/src/main/kotlin/io/github/landwarderer/neyon/mihon/parsers/model/search/ContentSearchQuery.kt:36:29 'data class ContentSearchQuery : Any' is deprecated. Too complex. Use ContentListFilter instead.
w: file:///app/app/src/main/kotlin/io/github/landwarderer/neyon/mihon/parsers/model/search/ContentSearchQuery.kt:42:35 'interface QueryCriteria<T> : Any' is deprecated. Too complex.
w: file:///app/app/src/main/kotlin/io/github/landwarderer/neyon/mihon/parsers/model/search/ContentSearchQuery.kt:51:23 'data class ContentSearchQuery : Any' is deprecated. Too complex. Use ContentListFilter instead.
w: file:///app/app/src/main/kotlin/io/github/landwarderer/neyon/mihon/parsers/model/search/ContentSearchQuery.kt:52:11 'constructor(criteria: Set<QueryCriteria<*>>, order: SortOrder?, offset: Int, skipValidation: Boolean): ContentSearchQuery' is deprecated. Too complex. Use ContentListFilter instead.
w: file:///app/app/src/main/kotlin/io/github/landwarderer/neyon/mihon/parsers/model/search/ContentSearchQuery.kt:55:49 'interface QueryCriteria<T> : Any' is deprecated. Too complex.
w: file:///app/app/src/main/kotlin/io/github/landwarderer/neyon/mihon/parsers/model/search/ContentSearchQuery.kt:55:73 'interface QueryCriteria<T> : Any' is deprecated. Too complex.
w: file:///app/app/src/main/kotlin/io/github/landwarderer/neyon/mihon/parsers/model/search/ContentSearchQuery.kt:57:19 'enum class SearchableField : Enum<SearchableField>' is deprecated. Too complex.
w: file:///app/app/src/main/kotlin/io/github/landwarderer/neyon/mihon/parsers/model/search/ContentSearchQuery.kt:57:46 'interface QueryCriteria<T> : Any' is deprecated. Too complex.
w: file:///app/app/src/main/kotlin/io/github/landwarderer/neyon/mihon/parsers/model/search/ContentSearchQuery.kt:57:66 'interface QueryCriteria<T> : Any' is deprecated. Too complex.
w: file:///app/app/src/main/kotlin/io/github/landwarderer/neyon/mihon/parsers/model/search/ContentSearchQuery.kt:68:8 'interface QueryCriteria<T> : Any' is deprecated. Too complex.
w: file:///app/app/src/main/kotlin/io/github/landwarderer/neyon/mihon/parsers/model/search/ContentSearchQuery.kt:73:8 'interface QueryCriteria<T> : Any' is deprecated. Too complex.
w: file:///app/app/src/main/kotlin/io/github/landwarderer/neyon/mihon/parsers/model/search/ContentSearchQuery.kt:88:21 'data class ContentSearchQuery : Any' is deprecated. Too complex. Use ContentListFilter instead.
w: file:///app/app/src/main/kotlin/io/github/landwarderer/neyon/mihon/parsers/model/search/ContentSearchQuery.kt:88:42 'constructor(criteria: Set<QueryCriteria<*>>, order: SortOrder?, offset: Int, skipValidation: Boolean): ContentSearchQuery' is deprecated. Too complex. Use ContentListFilter instead.
w: file:///app/app/src/main/kotlin/io/github/landwarderer/neyon/mihon/parsers/model/search/ContentSearchQueryCapabilities.kt:4:8 'interface QueryCriteria<T> : Any' is deprecated. Too complex.
w: file:///app/app/src/main/kotlin/io/github/landwarderer/neyon/mihon/parsers/model/search/ContentSearchQueryCapabilities.kt:5:8 'interface QueryCriteria<T> : Any' is deprecated. Too complex.
w: file:///app/app/src/main/kotlin/io/github/landwarderer/neyon/mihon/parsers/model/search/ContentSearchQueryCapabilities.kt:6:8 'interface QueryCriteria<T> : Any' is deprecated. Too complex.
w: file:///app/app/src/main/kotlin/io/github/landwarderer/neyon/mihon/parsers/model/search/ContentSearchQueryCapabilities.kt:7:8 'interface QueryCriteria<T> : Any' is deprecated. Too complex.
w: file:///app/app/src/main/kotlin/io/github/landwarderer/neyon/mihon/parsers/model/search/ContentSearchQueryCapabilities.kt:13:31 'data class SearchCapability : Any' is deprecated. Too complex.
w: file:///app/app/src/main/kotlin/io/github/landwarderer/neyon/mihon/parsers/model/search/ContentSearchQueryCapabilities.kt:18:31 'data class ContentSearchQuery : Any' is deprecated. Too complex. Use ContentListFilter instead.
w: file:///app/app/src/main/kotlin/io/github/landwarderer/neyon/mihon/parsers/model/search/QueryCriteria.kt:13:20 'enum class SearchableField : Enum<SearchableField>' is deprecated. Too complex.
w: file:///app/app/src/main/kotlin/io/github/landwarderer/neyon/mihon/parsers/model/search/QueryCriteria.kt:31:30 'enum class SearchableField : Enum<SearchableField>' is deprecated. Too complex.
w: file:///app/app/src/main/kotlin/io/github/landwarderer/neyon/mihon/parsers/model/search/QueryCriteria.kt:33:6 'interface QueryCriteria<T> : Any' is deprecated. Too complex.
w: file:///app/app/src/main/kotlin/io/github/landwarderer/neyon/mihon/parsers/model/search/QueryCriteria.kt:52:30 'enum class SearchableField : Enum<SearchableField>' is deprecated. Too complex.
w: file:///app/app/src/main/kotlin/io/github/landwarderer/neyon/mihon/parsers/model/search/QueryCriteria.kt:54:6 'interface QueryCriteria<T> : Any' is deprecated. Too complex.
w: file:///app/app/src/main/kotlin/io/github/landwarderer/neyon/mihon/parsers/model/search/QueryCriteria.kt:74:30 'enum class SearchableField : Enum<SearchableField>' is deprecated. Too complex.
w: file:///app/app/src/main/kotlin/io/github/landwarderer/neyon/mihon/parsers/model/search/QueryCriteria.kt:77:6 'interface QueryCriteria<T> : Any' is deprecated. Too complex.
w: file:///app/app/src/main/kotlin/io/github/landwarderer/neyon/mihon/parsers/model/search/QueryCriteria.kt:98:30 'enum class SearchableField : Enum<SearchableField>' is deprecated. Too complex.
w: file:///app/app/src/main/kotlin/io/github/landwarderer/neyon/mihon/parsers/model/search/QueryCriteria.kt:100:6 'interface QueryCriteria<T> : Any' is deprecated. Too complex.
w: file:///app/app/src/main/kotlin/io/github/landwarderer/neyon/mihon/parsers/model/search/SearchCapability.kt:27:30 'enum class SearchableField : Enum<SearchableField>' is deprecated. Too complex.
w: file:///app/app/src/main/kotlin/io/github/landwarderer/neyon/mihon/parsers/model/search/SearchCapability.kt:29:53 'interface QueryCriteria<T> : Any' is deprecated. Too complex.
w: file:///app/app/src/main/kotlin/io/github/landwarderer/neyon/mihon/parsers/util/SearchQueryConverter.kt:8:8 'data class ContentSearchQuery : Any' is deprecated. Too complex. Use ContentListFilter instead.
w: file:///app/app/src/main/kotlin/io/github/landwarderer/neyon/mihon/parsers/util/SearchQueryConverter.kt:9:8 'data class ContentSearchQueryCapabilities : Any' is deprecated. Too complex. Use ContentListFilterCapabilities instead.
w: file:///app/app/src/main/kotlin/io/github/landwarderer/neyon/mihon/parsers/util/SearchQueryConverter.kt:10:8 'interface QueryCriteria<T> : Any' is deprecated. Too complex.
w: file:///app/app/src/main/kotlin/io/github/landwarderer/neyon/mihon/parsers/util/SearchQueryConverter.kt:11:8 'interface QueryCriteria<T> : Any' is deprecated. Too complex.
w: file:///app/app/src/main/kotlin/io/github/landwarderer/neyon/mihon/parsers/util/SearchQueryConverter.kt:12:8 'data class SearchCapability : Any' is deprecated. Too complex.
w: file:///app/app/src/main/kotlin/io/github/landwarderer/neyon/mihon/parsers/util/SearchQueryConverter.kt:13:8 'enum class SearchableField : Enum<SearchableField>' is deprecated. Too complex.
w: file:///app/app/src/main/kotlin/io/github/landwarderer/neyon/mihon/parsers/util/SearchQueryConverter.kt:24:105 'data class ContentSearchQuery : Any' is deprecated. Too complex. Use ContentListFilter instead.
w: file:///app/app/src/main/kotlin/io/github/landwarderer/neyon/mihon/parsers/util/SearchQueryConverter.kt:25:9 'data class ContentSearchQuery : Any' is deprecated. Too complex. Use ContentListFilter instead.
w: file:///app/app/src/main/kotlin/io/github/landwarderer/neyon/mihon/parsers/util/SearchQueryConverter.kt:35:14 'interface QueryCriteria<T> : Any' is deprecated. Too complex.
w: file:///app/app/src/main/kotlin/io/github/landwarderer/neyon/mihon/parsers/util/SearchQueryConverter.kt:77:54 'data class ContentSearchQuery : Any' is deprecated. Too complex. Use ContentListFilter instead.
w: file:///app/app/src/main/kotlin/io/github/landwarderer/neyon/mihon/parsers/util/SearchQueryConverter.kt:91:14 'data class ContentSearchQueryCapabilities : Any' is deprecated. Too complex. Use ContentListFilterCapabilities instead.
w: file:///app/app/src/main/kotlin/io/github/landwarderer/neyon/mihon/parsers/util/SearchQueryConverter.kt:102:80 'data class ContentSearchQueryCapabilities : Any' is deprecated. Too complex. Use ContentListFilterCapabilities instead.
w: file:///app/app/src/main/kotlin/io/github/landwarderer/neyon/mihon/parsers/util/SearchQueryConverter.kt:103:2 'constructor(capabilities: Set<SearchCapability>): ContentSearchQueryCapabilities' is deprecated. Too complex. Use ContentListFilterCapabilities instead.
w: file:///app/app/src/main/kotlin/io/github/landwarderer/neyon/mihon/parsers/util/SearchQueryConverter.kt:106:5 'constructor(field: SearchableField, criteriaTypes: Set<KClass<out QueryCriteria<*>>>, isMultiple: Boolean, isExclusive: Boolean = ...): SearchCapability' is deprecated. Too complex.
w: file:///app/app/src/main/kotlin/io/github/landwarderer/neyon/mihon/parsers/util/SearchQueryConverter.kt:113:5 'constructor(field: SearchableField, criteriaTypes: Set<KClass<out QueryCriteria<*>>>, isMultiple: Boolean, isExclusive: Boolean = ...): SearchCapability' is deprecated. Too complex.
w: file:///app/app/src/main/kotlin/io/github/landwarderer/neyon/mihon/parsers/util/SearchQueryConverter.kt:120:5 'constructor(field: SearchableField, criteriaTypes: Set<KClass<out QueryCriteria<*>>>, isMultiple: Boolean, isExclusive: Boolean = ...): SearchCapability' is deprecated. Too complex.
w: file:///app/app/src/main/kotlin/io/github/landwarderer/neyon/mihon/parsers/util/SearchQueryConverter.kt:128:5 'constructor(field: SearchableField, criteriaTypes: Set<KClass<out QueryCriteria<*>>>, isMultiple: Boolean, isExclusive: Boolean = ...): SearchCapability' is deprecated. Too complex.
w: file:///app/app/src/main/kotlin/io/github/landwarderer/neyon/mihon/parsers/util/SearchQueryConverter.kt:135:5 'constructor(field: SearchableField, criteriaTypes: Set<KClass<out QueryCriteria<*>>>, isMultiple: Boolean, isExclusive: Boolean = ...): SearchCapability' is deprecated. Too complex.
w: file:///app/app/src/main/kotlin/io/github/landwarderer/neyon/mihon/parsers/util/SearchQueryConverter.kt:142:5 'constructor(field: SearchableField, criteriaTypes: Set<KClass<out QueryCriteria<*>>>, isMultiple: Boolean, isExclusive: Boolean = ...): SearchCapability' is deprecated. Too complex.
w: file:///app/app/src/main/kotlin/io/github/landwarderer/neyon/mihon/parsers/util/SearchQueryConverter.kt:149:5 'constructor(field: SearchableField, criteriaTypes: Set<KClass<out QueryCriteria<*>>>, isMultiple: Boolean, isExclusive: Boolean = ...): SearchCapability' is deprecated. Too complex.
w: file:///app/app/src/main/kotlin/io/github/landwarderer/neyon/mihon/parsers/util/SearchQueryConverter.kt:155:4 'constructor(field: SearchableField, criteriaTypes: Set<KClass<out QueryCriteria<*>>>, isMultiple: Boolean, isExclusive: Boolean = ...): SearchCapability' is deprecated. Too complex.
w: file:///app/app/src/main/kotlin/io/github/landwarderer/neyon/mihon/parsers/util/SearchQueryConverter.kt:160:4 'constructor(field: SearchableField, criteriaTypes: Set<KClass<out QueryCriteria<*>>>, isMultiple: Boolean, isExclusive: Boolean = ...): SearchCapability' is deprecated. Too complex.
w: file:///app/app/src/main/kotlin/io/github/landwarderer/neyon/mihon/parsers/util/SearchQueryConverter.kt:163:4 'constructor(field: SearchableField, criteriaTypes: Set<KClass<out QueryCriteria<*>>>, isMultiple: Boolean, isExclusive: Boolean = ...): SearchCapability' is deprecated. Too complex.
w: file:///app/app/src/main/kotlin/io/github/landwarderer/neyon/mihon/parsers/util/SearchQueryConverter.kt:168:4 'constructor(field: SearchableField, criteriaTypes: Set<KClass<out QueryCriteria<*>>>, isMultiple: Boolean, isExclusive: Boolean = ...): SearchCapability' is deprecated. Too complex.
w: file:///app/app/src/main/kotlin/io/github/landwarderer/neyon/mihon/parsers/util/SearchQueryConverter.kt:173:4 'constructor(field: SearchableField, criteriaTypes: Set<KClass<out QueryCriteria<*>>>, isMultiple: Boolean, isExclusive: Boolean = ...): SearchCapability' is deprecated. Too complex.
w: file:///app/app/src/main/kotlin/io/github/landwarderer/neyon/mihon/parsers/util/json/JSONArrayTypedIterator.kt:32:31 Java type mismatch: inferred type is 'T? (of class JSONArrayTypedIterator<T : Any>)', but 'T (of class JSONArrayTypedIterator<T : Any>)' was expected.
w: file:///app/app/src/main/kotlin/io/github/landwarderer/neyon/mihon/parsers/util/json/JSONArrayTypedListWrapper.kt:14:36 Java type mismatch: inferred type is 'T? (of class JSONArrayTypedListWrapper<T : Any>)', but 'T (of class JSONArrayTypedListWrapper<T : Any>)' was expected.
w: file:///app/app/src/main/kotlin/io/github/landwarderer/neyon/mihon/parsers/util/json/JSONObjectTypedIterableWrapper.kt:18:47 Java type mismatch: inferred type is 'JSONObjectTypedIterableWrapper.JSONEntry<T? (of class JSONObjectTypedIterableWrapper<T : Any>)>', but 'Map.Entry<String, T (of class JSONObjectTypedIterableWrapper<T : Any>)>' was expected.
w: file:///app/app/src/main/kotlin/io/github/landwarderer/neyon/reader/domain/ChaptersLoader.kt:101:24 Condition is always 'true'.
w: file:///app/app/src/main/kotlin/io/github/landwarderer/neyon/reader/domain/ChaptersLoader.kt:110:24 Condition is always 'true'.
w: file:///app/app/src/main/kotlin/io/github/landwarderer/neyon/reader/domain/PageLoader.kt:328:15 'fun Response.requireBody(): ResponseBody' is deprecated. Useless since OkHttp 5.0.
w: file:///app/app/src/main/kotlin/io/github/landwarderer/neyon/reader/ui/colorfilter/ColorFilterConfigActivity.kt:74:27 'val WindowInsetsCompat.systemBarsInsets: Insets' is deprecated.
w: file:///app/app/src/main/kotlin/io/github/landwarderer/neyon/reader/ui/colorfilter/ColorFilterConfigActivity.kt:81:17 'fun WindowInsetsCompat.consumeAllSystemBarsInsets(): WindowInsetsCompat' is deprecated.
w: file:///app/app/src/main/kotlin/io/github/landwarderer/neyon/reader/ui/pager/BasePageHolder.kt:151:50 'static field TRIM_MEMORY_COMPLETE: Int' is deprecated. Deprecated in Java.
w: file:///app/app/src/main/kotlin/io/github/landwarderer/neyon/scrobbling/common/ui/config/ScrobblerConfigActivity.kt:67:27 'val WindowInsetsCompat.systemBarsInsets: Insets' is deprecated.
w: file:///app/app/src/main/kotlin/io/github/landwarderer/neyon/scrobbling/common/ui/config/ScrobblerConfigActivity.kt:80:17 'fun WindowInsetsCompat.consumeAllSystemBarsInsets(): WindowInsetsCompat' is deprecated.
w: file:///app/app/src/main/kotlin/io/github/landwarderer/neyon/search/domain/SearchV2Helper.kt:119:49 'val altTitle: String?' is deprecated. Please use altTitles.
w: file:///app/app/src/main/kotlin/io/github/landwarderer/neyon/search/domain/SearchV2Helper.kt:149:66 'val altTitle: String?' is deprecated. Please use altTitles.
w: file:///app/app/src/main/kotlin/io/github/landwarderer/neyon/search/ui/MangaListActivity.kt:118:17 'fun WindowInsetsCompat.consumeSystemBarsInsets(view: View, start: Boolean = ..., top: Boolean = ..., end: Boolean = ..., bottom: Boolean = ...): WindowInsetsCompat' is deprecated.
w: file:///app/app/src/main/kotlin/io/github/landwarderer/neyon/search/ui/multi/SearchActivity.kt:21:8 'class ShareHelper : Any' is deprecated.
w: file:///app/app/src/main/kotlin/io/github/landwarderer/neyon/search/ui/multi/SearchActivity.kt:104:27 'val WindowInsetsCompat.systemBarsInsets: Insets' is deprecated.
w: file:///app/app/src/main/kotlin/io/github/landwarderer/neyon/search/ui/multi/SearchActivity.kt:116:17 'fun WindowInsetsCompat.consumeAllSystemBarsInsets(): WindowInsetsCompat' is deprecated.
w: file:///app/app/src/main/kotlin/io/github/landwarderer/neyon/search/ui/multi/SearchActivity.kt:179:5 'constructor(context: Context): ShareHelper' is deprecated.
w: file:///app/app/src/main/kotlin/io/github/landwarderer/neyon/search/ui/multi/SearchMenuProvider.kt:61:14 'fun overridePendingTransition(p0: Int, p1: Int, p2: Int): Unit' is deprecated. Deprecated in Java.
w: file:///app/app/src/main/kotlin/io/github/landwarderer/neyon/search/ui/multi/SearchMenuProvider.kt:63:14 'fun overridePendingTransition(p0: Int, p1: Int): Unit' is deprecated. Deprecated in Java.
w: file:///app/app/src/main/kotlin/io/github/landwarderer/neyon/settings/about/AppUpdateActivity.kt:50:27 'val WindowInsetsCompat.systemBarsInsets: Insets' is deprecated.
w: file:///app/app/src/main/kotlin/io/github/landwarderer/neyon/settings/about/AppUpdateActivity.kt:61:17 'fun WindowInsetsCompat.consumeAllSystemBarsInsets(): WindowInsetsCompat' is deprecated.
w: file:///app/app/src/main/kotlin/io/github/landwarderer/neyon/settings/nav/NavConfigFragment.kt:70:27 'val WindowInsetsCompat.systemBarsInsets: Insets' is deprecated.
w: file:///app/app/src/main/kotlin/io/github/landwarderer/neyon/settings/nav/NavConfigFragment.kt:79:17 'fun WindowInsetsCompat.consumeAllSystemBarsInsets(): WindowInsetsCompat' is deprecated.
w: file:///app/app/src/main/kotlin/io/github/landwarderer/neyon/settings/protect/ProtectSetupActivity.kt:63:27 'val WindowInsetsCompat.systemBarsInsets: Insets' is deprecated.
w: file:///app/app/src/main/kotlin/io/github/landwarderer/neyon/settings/protect/ProtectSetupActivity.kt:71:17 'fun WindowInsetsCompat.consumeAllSystemBarsInsets(): WindowInsetsCompat' is deprecated.
w: file:///app/app/src/main/kotlin/io/github/landwarderer/neyon/settings/reader/ReaderTapGridConfigActivity.kt:63:27 'val WindowInsetsCompat.systemBarsInsets: Insets' is deprecated.
w: file:///app/app/src/main/kotlin/io/github/landwarderer/neyon/settings/reader/ReaderTapGridConfigActivity.kt:70:17 'fun WindowInsetsCompat.consumeAllSystemBarsInsets(): WindowInsetsCompat' is deprecated.
w: file:///app/app/src/main/kotlin/io/github/landwarderer/neyon/settings/sources/catalog/SourcesCatalogViewModel.kt:71:6 'fun RoomDatabase.invalidationTrackerFlow(vararg tables: String, emitInitialState: Boolean = ...): Flow<Set<String>>' is deprecated. Replaced by equivalent API in InvalidationTracker.
w: file:///app/app/src/main/kotlin/io/github/landwarderer/neyon/settings/sources/manage/SourcesManageFragment.kt:91:27 'val WindowInsetsCompat.systemBarsInsets: Insets' is deprecated.
w: file:///app/app/src/main/kotlin/io/github/landwarderer/neyon/settings/sources/manage/SourcesManageFragment.kt:100:17 'fun WindowInsetsCompat.consumeAllSystemBarsInsets(): WindowInsetsCompat' is deprecated.
w: file:///app/app/src/main/kotlin/io/github/landwarderer/neyon/settings/storage/directories/MangaDirectoriesActivity.kt:109:17 'fun WindowInsetsCompat.consumeAllSystemBarsInsets(): WindowInsetsCompat' is deprecated.
w: file:///app/app/src/main/kotlin/io/github/landwarderer/neyon/settings/utils/SliderPreference.kt:67:10 'var isTickVisible: Boolean' is deprecated. Deprecated in Java.
w: file:///app/app/src/main/kotlin/io/github/landwarderer/neyon/sync/ui/SyncAuthActivity.kt:84:27 'val WindowInsetsCompat.systemBarsInsets: Insets' is deprecated.
w: file:///app/app/src/main/kotlin/io/github/landwarderer/neyon/sync/ui/SyncAuthActivity.kt:96:17 'fun WindowInsetsCompat.consumeAllSystemBarsInsets(): WindowInsetsCompat' is deprecated.
w: file:///app/app/src/main/kotlin/io/github/landwarderer/neyon/tracker/domain/TrackingRepository.kt:168:65 'val name: String' is deprecated. Use title instead.
w: file:///app/app/src/main/kotlin/io/github/landwarderer/neyon/tracker/ui/debug/TrackerDebugActivity.kt:40:27 'val WindowInsetsCompat.systemBarsInsets: Insets' is deprecated.
w: file:///app/app/src/main/kotlin/io/github/landwarderer/neyon/tracker/ui/debug/TrackerDebugActivity.kt:51:17 'fun WindowInsetsCompat.consumeAllSystemBarsInsets(): WindowInsetsCompat' is deprecated.
w: file:///app/app/src/main/kotlin/io/github/landwarderer/neyon/tracker/ui/feed/FeedViewModel.kt:129:44 This is a delicate API and its use requires care. Make sure you fully read and understand documentation of the declaration that is marked as a delicate API.
w: file:///app/app/src/main/kotlin/io/github/landwarderer/neyon/widget/recent/RecentWidgetConfigActivity.kt:41:27 'val WindowInsetsCompat.systemBarsInsets: Insets' is deprecated.
w: file:///app/app/src/main/kotlin/io/github/landwarderer/neyon/widget/recent/RecentWidgetConfigActivity.kt:48:17 'fun WindowInsetsCompat.consumeAllSystemBarsInsets(): WindowInsetsCompat' is deprecated.
w: file:///app/app/src/main/kotlin/io/github/landwarderer/neyon/widget/recent/RecentWidgetProvider.kt:25:20 'fun notifyAppWidgetViewDataChanged(p0: IntArray!, p1: Int): Unit' is deprecated. Deprecated in Java.
w: file:///app/app/src/main/kotlin/io/github/landwarderer/neyon/widget/recent/RecentWidgetProvider.kt:38:9 'fun setRemoteAdapter(p0: Int, p1: Intent!): Unit' is deprecated. Deprecated in Java.
w: file:///app/app/src/main/kotlin/io/github/landwarderer/neyon/widget/shelf/ShelfWidgetConfigActivity.kt:59:27 'val WindowInsetsCompat.systemBarsInsets: Insets' is deprecated.
w: file:///app/app/src/main/kotlin/io/github/landwarderer/neyon/widget/shelf/ShelfWidgetConfigActivity.kt:70:17 'fun WindowInsetsCompat.consumeAllSystemBarsInsets(): WindowInsetsCompat' is deprecated.
w: file:///app/app/src/main/kotlin/io/github/landwarderer/neyon/widget/shelf/ShelfWidgetProvider.kt:25:20 'fun notifyAppWidgetViewDataChanged(p0: IntArray!, p1: Int): Unit' is deprecated. Deprecated in Java.
w: file:///app/app/src/main/kotlin/io/github/landwarderer/neyon/widget/shelf/ShelfWidgetProvider.kt:38:9 'fun setRemoteAdapter(p0: Int, p1: Intent!): Unit' is deprecated. Deprecated in Java.

[Incubating] Problems report is available at: file:///app/build/reports/problems/problems-report.html

Deprecated Gradle features were used in this build, making it incompatible with Gradle 10.

You can use '--warning-mode all' to show the individual deprecation warnings and determine if they come from your own scripts or plugins.

For more on this, please refer to https://docs.gradle.org/9.3.1/userguide/command_line_interface.html#sec:command_line_warnings in the Gradle documentation.

BUILD SUCCESSFUL in 6m 40s
21 actionable tasks: 21 executed
Consider enabling configuration cache to speed up this build: https://docs.gradle.org/9.3.1/userguide/configuration_cache_enabling.html
